--- BODY TO HTML ---
<span data-type="latex-comment" data-comment=" ΓöÇΓöÇΓöÇ Judul (satu kolom penuh) ΓöÇΓöÇΓöÇΓöÇΓöÇΓöÇΓöÇΓöÇΓöÇΓöÇΓöÇΓöÇΓöÇΓöÇΓöÇΓöÇΓöÇΓöÇΓöÇΓöÇΓöÇΓöÇΓöÇΓöÇΓöÇΓöÇΓöÇΓöÇΓöÇΓöÇΓöÇΓöÇΓöÇΓöÇΓöÇΓöÇΓöÇΓöÇΓöÇΓöÇΓöÇΓöÇΓöÇΓöÇΓöÇΓöÇΓöÇΓöÇ"></span>
<pre data-type="latex-env" data-env="twocolumn-block"><code><pre data-type="latex-env" data-env="@twocolumnfalse"><code>\begin{center}
      {\LARGE\bfseries\color{aksen}
        Kecerdasan Buatan dalam Pendidikan Modern:
        Peluang, Tantangan, dan Arah Pengembangan
      }<span data-type="latex-layout" data-cmd="vspace" data-val="10pt"></span>
      {\large Ahmad Fauzi$^{1}$, Siti Rahayu$^{2}$, Budi Santoso$^{3}$}
  
      <span data-type="latex-layout" data-cmd="vspace" data-val="6pt"></span>
      {$^{1}$Departemen Ilmu Komputer, Universitas Indonesia, Jakarta<span data-type="latex-layout" data-cmd="newline"></span>
        $^{2}$Fakultas Keguruan dan Ilmu Pendidikan, Universitas Gadjah Mada, Yogyakarta<span data-type="latex-layout" data-cmd="newline"></span>
        $^{3}$Program Studi Teknologi Pendidikan, Institut Teknologi Bandung, Bandung<span data-type="latex-layout" data-cmd="vspace" data-val="4pt"></span>
        <em>Korespondensi: \href{mailto:ahmad.fauzi@ui.ac.id}{ahmad.fauzi@ui.ac.id}</em>
      }<span data-type="latex-layout" data-cmd="vspace" data-val="10pt"></span>
      <span data-type="latex-layout" data-cmd="hrule" data-val="height 1pt"></span>
      <span data-type="latex-layout" data-cmd="vspace" data-val="8pt"></span>
      \begin{abstract}
        Artikel ini mengkaji peran kecerdasan buatan (AI)...
      \end{abstract}
      <span data-type="latex-layout" data-cmd="vspace" data-val="8pt"></span>
      <span data-type="latex-layout" data-cmd="hrule" data-val="height 0.5pt"></span>
      <span data-type="latex-layout" data-cmd="vspace" data-val="12pt"></span>
    \end{center}</code></pre></code></pre>

--- HTML TO LATEX ---
% ΓòÉΓòÉΓòÉΓòÉΓòÉΓòÉΓòÉΓòÉΓòÉΓòÉΓòÉΓòÉΓòÉΓòÉΓòÉΓòÉΓòÉΓòÉΓòÉΓòÉΓòÉΓòÉΓòÉΓòÉΓòÉΓòÉΓòÉΓòÉΓòÉΓòÉΓòÉΓòÉΓòÉΓòÉΓòÉΓòÉΓòÉΓòÉΓòÉΓòÉΓòÉΓòÉΓòÉΓòÉΓòÉΓòÉΓòÉΓòÉΓòÉΓòÉΓòÉΓòÉΓòÉΓòÉΓòÉΓòÉΓòÉΓòÉΓòÉΓòÉΓòÉΓòÉΓòÉΓòÉΓòÉΓòÉΓòÉΓòÉΓòÉΓòÉΓòÉΓòÉΓòÉΓòÉΓòÉΓòÉΓòÉ
\begin{document}%
 ΓöÇΓöÇΓöÇ Judul (satu kolom penuh) ΓöÇΓöÇΓöÇΓöÇΓöÇΓöÇΓöÇΓöÇΓöÇΓöÇΓöÇΓöÇΓöÇΓöÇΓöÇΓöÇΓöÇΓöÇΓöÇΓöÇΓöÇΓöÇΓöÇΓöÇΓöÇΓöÇΓöÇΓöÇΓöÇΓöÇΓöÇΓöÇΓöÇΓöÇΓöÇΓöÇΓöÇΓöÇΓöÇΓöÇΓöÇΓöÇΓöÇΓöÇΓöÇΓöÇΓöÇΓöÇ

\twocolumn[
\begin{center}
      {\LARGE\bfseries\color{aksen}
        Kecerdasan Buatan dalam Pendidikan Modern:
        Peluang, Tantangan, dan Arah Pengembangan
      }\vspace{10pt}
      {\large Ahmad Fauzi$^{1}$, Siti Rahayu$^{2}$, Budi Santoso$^{3}$}
  
      \vspace{6pt}
      {$^{1}$Departemen Ilmu Komputer, Universitas Indonesia, Jakarta\newline
        $^{2}$Fakultas Keguruan dan Ilmu Pendidikan, Universitas Gadjah Mada, Yogyakarta\newline
        $^{3}$Program Studi Teknologi Pendidikan, Institut Teknologi Bandung, Bandung\vspace{4pt}
        \textit{Korespondensi: \href{mailto:ahmad.fauzi@ui.ac.id}{ahmad.fauzi@ui.ac.id}}
      }\vspace{10pt}
      \hrule height 1pt
      \vspace{8pt}
      \begin{abstract}
        Artikel ini mengkaji peran kecerdasan buatan (AI)...
      \end{abstract}
      \vspace{8pt}
      \hrule height 0.5pt
      \vspace{12pt}
    \end{center}
]
